// Jest Snapshot v1, https://goo.gl/fbAQLP

exports[`should render <Icon /> 1`] = `
<span
  className="me-3 cursor-pointer text-black-50 text-hover-royalblue"
>
  <i
    className="bi bi-eye-fill"
  >
    1234
  </i>
</span>
`;
