// Jest Snapshot v1, https://goo.gl/fbAQLP

exports[`should render <App /> 1`] = `
<div
  className="container"
>
  <h1
    className="text-center"
  >
    Wellcome to Giphy Trending!
  </h1>
  <div
    className="bg-light d-flex flex-wrap justify-content-evenly"
  />
</div>
`;
